{
  "elements": [
    {
      "id": "1",
      "type": "text",
      "text": "hello world",
      "position": {
        "x": 0,
        "y": 0
      },
      "color": {
        "r": 255,
        "g": 255,
        "b": 255,
        "a": 1
      },
      "fontSize": 10
    }
  ]
}
